.res
.image "../t6/G2-tux-model-base-Perso_small.png"

.res
.image "../t6/G2-tux-model-base-Perso_small.png"

.res
.image "../t6/G2-tux-model-base-Perso_small.png"

.res
.image "../t6/G2-tux-model-base-Perso_small.png"

.res
.image "../t6/G2-tux-model-base-Perso_small.png"

.res
.image "../t6/G2-tux-model-base-Perso_small.png"

.res
.image "../t6/G2-tux-model-base-Perso_small.png"

.res
.image "../t6/G2-tux-model-base-Perso_small.png"

.res
.image "../t6/G2-tux-model-base-Perso_small.png"

.res
.image "../t6/G2-tux-model-base-Perso_small.png"

.res
.image "../t6/G2-tux-model-base-Perso_small.png"

.res
.image "../t6/G2-tux-model-base-Perso_small.png"

.res
.image "../t6/G2-tux-model-base-Perso_small.png"

.res
.image "../t6/G2-tux-model-base-Perso_small.png"

.res
.image "../t6/G2-tux-model-base-Perso_small.png"

.res
.image "../t6/G2-tux-model-base-Perso_small.png"

.res
.image "../t6/G2-tux-model-base-Perso_small.png"

.res
.image "../t6/G2-tux-model-base-Perso_small.png"

.res
.image "../t6/G2-tux-model-base-Perso_small.png"

.res
.image "../t6/G2-tux-model-base-Perso_small.png"

.res
.image "../t6/G2-tux-model-base-Perso_small.png"

.res
.image "../t6/G2-tux-model-base-Perso_small.png"

.res
.image "../t6/G2-tux-model-base-Perso_small.png"

.res
.image "../t6/G2-tux-model-base-Perso_small.png"

.res
.image "../t6/G2-tux-model-base-Perso_small.png"

.res
.image "../t6/G2-tux-model-base-Perso_small.png"

.res
.image "../t6/G2-tux-model-base-Perso_small.png"

.res
.image "../t6/G2-tux-model-base-Perso_small.png"

.res
.image "../t6/G2-tux-model-base-Perso_small.png"

.res
.image "../t6/G2-tux-model-base-Perso_small.png"

.res
.image "../t6/G2-tux-model-base-Perso_small.png"

.res
.image "../t6/G2-tux-model-base-Perso_small.png"

.res
.image "../t6/G2-tux-model-base-Perso_small.png"

.res
.image "../t6/G2-tux-model-base-Perso_small.png"

.res
.image "../t6/G2-tux-model-base-Perso_small.png"

.res
.image "../t6/G2-tux-model-base-Perso_small.png"

.res
.image "../t6/G2-tux-model-base-Perso_small.png"

.res
.image "../t6/G2-tux-model-base-Perso_small.png"

.res
.image "../t6/G2-tux-model-base-Perso_small.png"

.res
.image "../t6/G2-tux-model-base-Perso_small.png"

.res
.image "../t6/G2-tux-model-base-Perso_small.png"

.res
.image "../t6/G2-tux-model-base-Perso_small.png"

.res
.image "../t6/G2-tux-model-base-Perso_small.png"

.res
.image "../t6/G2-tux-model-base-Perso_small.png"

.res
.image "../t6/G2-tux-model-base-Perso_small.png"

.res
.image "../t6/G2-tux-model-base-Perso_small.png"

.res
.image "../t6/G2-tux-model-base-Perso_small.png"

.res
.image "../t6/G2-tux-model-base-Perso_small.png"

.res
.image "../t6/G2-tux-model-base-Perso_small.png"

.res
.image "../t6/G2-tux-model-base-Perso_small.png"

.res
.image "../t6/G2-tux-model-base-Perso_small.png"

.res
.image "../t6/G2-tux-model-base-Perso_small.png"

.res
.image "../t6/G2-tux-model-base-Perso_small.png"

.res
.image "../t6/G2-tux-model-base-Perso_small.png"

.res
.image "../t6/G2-tux-model-base-Perso_small.png"

.res
.image "../t6/G2-tux-model-base-Perso_small.png"

.res
.image "../t6/G2-tux-model-base-Perso_small.png"

.res
.image "../t6/G2-tux-model-base-Perso_small.png"

.res
.image "../t6/G2-tux-model-base-Perso_small.png"

.res
.image "../t6/G2-tux-model-base-Perso_small.png"

.res
.image "../t6/G2-tux-model-base-Perso_small.png"

.res
.image "../t6/G2-tux-model-base-Perso_small.png"

.res
.image "../t6/G2-tux-model-base-Perso_small.png"

.res
.image "../t6/G2-tux-model-base-Perso_small.png"

.res
.image "../t6/G2-tux-model-base-Perso_small.png"

.res
.image "../t6/G2-tux-model-base-Perso_small.png"

.res
.image "../t6/G2-tux-model-base-Perso_small.png"

.res
.image "../t6/G2-tux-model-base-Perso_small.png"

.res
.image "../t6/G2-tux-model-base-Perso_small.png"

.res
.image "../t6/G2-tux-model-base-Perso_small.png"

.res
.image "../t6/G2-tux-model-base-Perso_small.png"

.res
.image "../t6/G2-tux-model-base-Perso_small.png"

.res
.image "../t6/G2-tux-model-base-Perso_small.png"

.res
.image "../t6/G2-tux-model-base-Perso_small.png"

.res
.image "../t6/G2-tux-model-base-Perso_small.png"

.res
.image "../t6/G2-tux-model-base-Perso_small.png"

.res
.image "../t6/G2-tux-model-base-Perso_small.png"

.res
.image "../t6/G2-tux-model-base-Perso_small.png"

.res
.image "../t6/G2-tux-model-base-Perso_small.png"

.res
.image "../t6/G2-tux-model-base-Perso_small.png"

.res
.image "../t6/G2-tux-model-base-Perso_small.png"

.res
.image "../t6/G2-tux-model-base-Perso_small.png"

.res
.image "../t6/G2-tux-model-base-Perso_small.png"

.res
.image "../t6/G2-tux-model-base-Perso_small.png"

.res
.image "../t6/G2-tux-model-base-Perso_small.png"

.res
.image "../t6/G2-tux-model-base-Perso_small.png"

.res
.image "../t6/G2-tux-model-base-Perso_small.png"

.res
.image "../t6/G2-tux-model-base-Perso_small.png"

.res
.image "../t6/G2-tux-model-base-Perso_small.png"

.res
.image "../t6/G2-tux-model-base-Perso_small.png"

.res
.image "../t6/G2-tux-model-base-Perso_small.png"

.res
.image "../t6/G2-tux-model-base-Perso_small.png"

.res
.image "../t6/G2-tux-model-base-Perso_small.png"

.res
.image "../t6/G2-tux-model-base-Perso_small.png"

.res
.image "../t6/G2-tux-model-base-Perso_small.png"

.res
.image "../t6/G2-tux-model-base-Perso_small.png"

.res
.image "../t6/G2-tux-model-base-Perso_small.png"

.res
.image "../t6/G2-tux-model-base-Perso_small.png"

.res
.image "../t6/G2-tux-model-base-Perso_small.png"

.res
.image "../t6/G2-tux-model-base-Perso_small.png"

.res
.image "../t6/G2-tux-model-base-Perso_small.png"

.res
.image "../t6/G2-tux-model-base-Perso_small.png"

.res
.image "../t6/G2-tux-model-base-Perso_small.png"

.res
.image "../t6/G2-tux-model-base-Perso_small.png"

.res
.image "../t6/G2-tux-model-base-Perso_small.png"

.res
.image "../t6/G2-tux-model-base-Perso_small.png"

.res
.image "../t6/G2-tux-model-base-Perso_small.png"

.res
.image "../t6/G2-tux-model-base-Perso_small.png"

.res
.image "../t6/G2-tux-model-base-Perso_small.png"

.res
.image "../t6/G2-tux-model-base-Perso_small.png"

.res
.image "../t6/G2-tux-model-base-Perso_small.png"

.res
.image "../t6/G2-tux-model-base-Perso_small.png"

.res
.image "../t6/G2-tux-model-base-Perso_small.png"

.res
.image "../t6/G2-tux-model-base-Perso_small.png"

.res
.image "../t6/G2-tux-model-base-Perso_small.png"

.res
.image "../t6/G2-tux-model-base-Perso_small.png"

.res
.image "../t6/G2-tux-model-base-Perso_small.png"

.res
.image "../t6/G2-tux-model-base-Perso_small.png"

.res
.image "../t6/G2-tux-model-base-Perso_small.png"

.res
.image "../t6/G2-tux-model-base-Perso_small.png"

.res
.image "../t6/G2-tux-model-base-Perso_small.png"

.res
.image "../t6/G2-tux-model-base-Perso_small.png"

.res
.image "../t6/G2-tux-model-base-Perso_small.png"

.res
.image "../t6/G2-tux-model-base-Perso_small.png"

.res
.image "../t6/G2-tux-model-base-Perso_small.png"

.res
.image "../t6/G2-tux-model-base-Perso_small.png"

.res
.image "../t6/G2-tux-model-base-Perso_small.png"

.res
.image "../t6/G2-tux-model-base-Perso_small.png"

.res
.image "../t6/G2-tux-model-base-Perso_small.png"

.res
.image "../t6/G2-tux-model-base-Perso_small.png"

