.res RES_TAB_ICON_COLORS
.image "TabIconColors.png"

.res RES_TAB_ICON_COLORS_ANDROID
.image "TabIconColors_Android.png"

.res RES_TAB_ICON_CUBE
.image "TabIconCube.png"

.res RES_TAB_ICON_CUBE_ANDROID
.image "TabIconCube_Android.png"

.res RES_TAB_ICON_IMAGE_SWIPER
.image "TabIconImageSwiper.png"

.res RES_TAB_ICON_IMAGE_SWIPER_ANDROID
.image "TabIconImageSwiper_Android.png"

.res RES_TAB_ICON_SETTINGS
.image "TabIconSettings.png"

.res RES_TAB_ICON_WEB_VIEW
.image "TabIconWebView.png"

.res RES_TAB_ICON_WEB_VIEW_ANDROID
.image "TabIconWebView_Android.png"

.res RES_FIRST_IMAGE_SMALL
.placeholder

.res RES_IMAGE1_SMALL
.ubin
.include "small/Image1.png"

.res RES_IMAGE2_SMALL
.ubin
.include "small/Image2.png"

.res RES_IMAGE3_SMALL
.ubin
.include "small/Image3.png"

.res RES_LAST_IMAGE_SMALL
.placeholder

.res RES_FIRST_IMAGE_MEDIUM
.placeholder

.res RES_IMAGE1_MEDIUM
.ubin
.include "medium/Image1.png"

.res RES_IMAGE2_MEDIUM
.ubin
.include "medium/Image2.png"

.res RES_IMAGE3_MEDIUM
.ubin
.include "medium/Image3.png"

.res RES_LAST_IMAGE_MEDIUM
.placeholder

.res RES_FIRST_IMAGE_LARGE
.placeholder

.res RES_IMAGE1_LARGE
.ubin
.include "medium/Image1.png"

.res RES_IMAGE2_LARGE
.ubin
.include "medium/Image2.png"

.res RES_IMAGE3_LARGE
.ubin
.include "large/Image3.png"

.res RES_LAST_IMAGE_LARGE
.placeholder

.res RES_IMAGE_TEX
.image "ImageTex.png"
